CxlResult:/home/arif/Documents/1.GitSVN/8.GitHub/zynq_z7lite_training/Tutorial/part1/fifo/fifo.cache/compile_simlib/modelsim/axis_accelerator_adapter_v2_1_14/.cxl.vhdl.axis_accelerator_adapter_v2_1_14.axis_accelerator_adapter_v2_1_14.lin64.rpt =
	ExecutionPlatform = lin64 ,
	SourceLibrary = axis_accelerator_adapter_v2_1_14 ,
	SourcePath = /opt/Xilinx/Vivado/2018.3/data ,
	Simulator = modelsim ,
	SimulatorVersion = 2020.4 ,
	CompiledLibrary = axis_accelerator_adapter_v2_1_14 ,
	CompiledPath = /home/arif/Documents/1.GitSVN/8.GitHub/zynq_z7lite_training/Tutorial/part1/fifo/fifo.cache/compile_simlib/modelsim/axis_accelerator_adapter_v2_1_14 ,
	Timestamp = Thu Feb 11 16:55:22 2021 ,
	Time = 1613037322 ,
	Language = vhdl ,
	XilinxVersion = 2018.3 ,
	LogFile = /home/arif/Documents/1.GitSVN/8.GitHub/zynq_z7lite_training/Tutorial/part1/fifo/fifo.cache/compile_simlib/modelsim/axis_accelerator_adapter_v2_1_14/.cxl.vhdl.axis_accelerator_adapter_v2_1_14.axis_accelerator_adapter_v2_1_14.lin64.log ,
	NumOfErrors = 0 ,
	NumOfWarnings = 215 ,
